[S1V] re-observing 18 value relations: ['event_date', 'event_time', 'event_duration', 'race_finish_time', 'improved_personal_best_by', 'product_price', 'product_quantity', 'owned_product_for', 'spent_money', 'has_budget', 'activity_times_per_week', 'activity_practiced_for', 'activity_scheduled_at', 'has_age', 'older_than_user_by', 'time_in_job', 'sleeps_per_night', 'has_daily_goal_of']
   1/15 ultrachat_433398
   1/15 sharegpt_jl0GWjL_0
   1/15 sharegpt_oXgiN7q_53
   1/15 sharegpt_SzQ9LQj_0
   2/15 5ace87df_1
   2/15 ultrachat_73163
   2/15 82ea1455_2
   2/15 sharegpt_SNshiYQ_11
   3/15 f6ce25ef
   3/15 fdd0f680_2
   3/15 sharegpt_CMbaRkD_37
   4/15 ultrachat_22304
   3/15 sharegpt_quVKffw_0
   4/15 sharegpt_KZW5X0e_0
   4/15 5ff94163_2
   5/15 ultrachat_494422
   5/15 544fe66c_2
   4/15 082b7e52_2
   6/15 b4ee9f6b
   5/15 sharegpt_JRQtEcd_0
   5/15 261235d1
   7/15 af0ab6ab
   6/15 ultrachat_539537
   6/15 sharegpt_o3FfE7d_0
   6/15 ultrachat_447648
   7/15 dcc7f430_1
   8/15 sharegpt_c1GD2va_7
   7/15 answer_3a5010af_1
   9/15 27ce9f13_2
   7/15 f66ca54c
   8/15 d07f014a
   8/15 sharegpt_Bwk7dXW_0
   9/15 sharegpt_5NoXULS_0
   10/15 9e05d9a0
   10/15 sharegpt_9Wnceim_41
   8/15 9bec5593_2
   9/15 2640383e
   11/15 answer_c7ddc051_1
   11/15 dde142b2_2
   10/15 787bf8b1_1
   12/15 answer_67074b4b_2
   9/15 sharegpt_CMplLnT_29
   11/15 8acb29f9_1
   12/15 answer_90de9b4d_2
   10/15 864a563d_5
   13/15 c8fcdf5a_2
   13/15 sharegpt_CqJTtJZ_78
   12/15 2af27403_2
   14/15 ultrachat_285724
   11/15 sharegpt_QovWQci_0
   15/15 ultrachat_460283
   14/15 a3107e2a_2
   13/15 sharegpt_BgSFVRW_0
   12/15 3a980e89_3
   14/15 sharegpt_rnL5VQO_17
   15/15 answer_ae3a122b_2
   15/15 87a183c1_2
   13/15 d2d7a96a_1
   14/15 65698aa9_2
   15/15 998616b4_3
[S1V] observe 1255 edges in 479s; into values {'event_date': 145, 'event_time': 37, 'event_duration': 354, 'race_finish_time': 0, 'improved_personal_best_by': 11, 'product_price': 103, 'product_quantity': 164, 'owned_product_for': 10, 'spent_money': 47, 'has_budget': 40, 'activity_times_per_week': 48, 'activity_practiced_for': 59, 'activity_scheduled_at': 32, 'has_age': 22, 'older_than_user_by': 0, 'time_in_job': 59, 'sleeps_per_night': 43, 'has_daily_goal_of': 80}
[S1V] validation: PASS []
[S1V] value relations kept by prune: ['event_date', 'event_time', 'event_duration', 'product_price', 'product_quantity', 'spent_money', 'has_budget']
[S1V] prune cost $0.361
[S2V] re-observing 12 value relations: ['has_points_balance', 'reward_costs_points', 'has_price', 'has_frequency', 'has_duration', 'spent_time', 'has_time_window', 'has_count', 'number_of_children_is', 'event_on_date', 'has_birthday_on', 'status_granted_on']
   1/15 ultrachat_433398
   1/15 sharegpt_jl0GWjL_0
   1/15 sharegpt_oXgiN7q_53
   1/15 sharegpt_SzQ9LQj_0
   2/15 5ace87df_1
   2/15 ultrachat_73163
   2/15 82ea1455_2
   2/15 sharegpt_SNshiYQ_11
   3/15 f6ce25ef
   3/15 fdd0f680_2
   3/15 sharegpt_CMbaRkD_37
   4/15 ultrachat_22304
   3/15 sharegpt_quVKffw_0
   4/15 sharegpt_KZW5X0e_0
   4/15 5ff94163_2
   5/15 544fe66c_2
   5/15 ultrachat_494422
   4/15 082b7e52_2
   6/15 b4ee9f6b
   5/15 261235d1
   5/15 sharegpt_JRQtEcd_0
   7/15 af0ab6ab
   6/15 ultrachat_539537
   6/15 sharegpt_o3FfE7d_0
   6/15 ultrachat_447648
   7/15 dcc7f430_1
   8/15 sharegpt_c1GD2va_7
   7/15 answer_3a5010af_1
   7/15 f66ca54c
   9/15 27ce9f13_2
   8/15 sharegpt_Bwk7dXW_0
   9/15 sharegpt_5NoXULS_0
   8/15 d07f014a
   8/15 9bec5593_2
   10/15 9e05d9a0
   10/15 sharegpt_9Wnceim_41
   9/15 2640383e
   11/15 dde142b2_2
   9/15 sharegpt_CMplLnT_29
   11/15 answer_c7ddc051_1
   10/15 787bf8b1_1
   12/15 answer_90de9b4d_2
   10/15 864a563d_5
   12/15 answer_67074b4b_2
   11/15 8acb29f9_1
   13/15 sharegpt_CqJTtJZ_78
   11/15 sharegpt_QovWQci_0
   13/15 c8fcdf5a_2
   14/15 ultrachat_285724
   15/15 ultrachat_460283
   12/15 2af27403_2
   14/15 a3107e2a_2
   13/15 sharegpt_BgSFVRW_0
   12/15 3a980e89_3
   14/15 sharegpt_rnL5VQO_17
   15/15 answer_ae3a122b_2
   13/15 d2d7a96a_1
   15/15 87a183c1_2
   14/15 65698aa9_2
   15/15 998616b4_3
[S2V] observe 1444 edges in 557s; into values {'has_points_balance': 164, 'reward_costs_points': 19, 'has_price': 137, 'has_frequency': 154, 'has_duration': 374, 'spent_time': 142, 'has_time_window': 51, 'has_count': 239, 'number_of_children_is': 11, 'event_on_date': 116, 'has_birthday_on': 23, 'status_granted_on': 1}
[S2V] validation: PASS []
[S2V] value relations kept by prune: ['has_points_balance', 'has_price', 'has_frequency', 'has_duration', 'spent_time', 'has_time_window', 'has_count', 'event_on_date', 'has_birthday_on']
[S2V] prune cost $0.438
